\BOOKMARK [0][-]{Abstract.0}{\376\377\000A\000b\000s\000t\000r\000a\000c\000t}{}% 1
\BOOKMARK [0][-]{Contents.0}{\376\377\000C\000o\000n\000t\000e\000n\000t\000s}{}% 2
\BOOKMARK [0][-]{Dedication.0}{\376\377\000D\000e\000d\000i\000c\000a\000t\000i\000o\000n}{}% 3
\BOOKMARK [0][-]{chapter.1}{\376\377\000I\000n\000t\000r\000o\000d\000u\000c\000t\000i\000o\000n}{}% 4
\BOOKMARK [0][-]{chapter.2}{\376\377\000B\000a\000c\000k\000g\000r\000o\000u\000n\000d}{}% 5
\BOOKMARK [1][-]{section.2.1}{\376\377\000L\000a\000r\000g\000e\000\040\000L\000a\000n\000g\000u\000a\000g\000e\000\040\000M\000o\000d\000e\000l\000s}{chapter.2}% 6
\BOOKMARK [1][-]{section.2.2}{\376\377\000H\000a\000l\000l\000u\000c\000i\000n\000a\000t\000i\000o\000n\000\040\000i\000n\000\040\000L\000a\000r\000g\000e\000\040\000L\000a\000n\000g\000u\000a\000g\000e\000\040\000M\000o\000d\000e\000l\000s}{chapter.2}% 7
\BOOKMARK [2][-]{subsection.2.2.1}{\376\377\000T\000a\000x\000o\000n\000o\000m\000y}{section.2.2}% 8
\BOOKMARK [2][-]{subsection.2.2.2}{\376\377\000C\000a\000u\000s\000e\000s}{section.2.2}% 9
\BOOKMARK [2][-]{subsection.2.2.3}{\376\377\000C\000o\000n\000s\000e\000q\000u\000e\000n\000c\000e\000s\000\040\000a\000n\000d\000\040\000D\000e\000t\000e\000c\000t\000i\000o\000n\000\040\000C\000h\000a\000l\000l\000e\000n\000g\000e\000s}{section.2.2}% 10
\BOOKMARK [1][-]{section.2.3}{\376\377\000T\000e\000x\000t\000\040\000E\000m\000b\000e\000d\000d\000i\000n\000g\000s\000\040\000a\000n\000d\000\040\000E\000m\000b\000e\000d\000d\000i\000n\000g\000\040\000G\000e\000o\000m\000e\000t\000r\000y}{chapter.2}% 11
\BOOKMARK [2][-]{subsection.2.3.1}{\376\377\000T\000e\000x\000t\000\040\000E\000m\000b\000e\000d\000d\000i\000n\000g\000s}{section.2.3}% 12
\BOOKMARK [2][-]{subsection.2.3.2}{\376\377\000C\000o\000s\000i\000n\000e\000\040\000D\000i\000s\000t\000a\000n\000c\000e}{section.2.3}% 13
\BOOKMARK [2][-]{subsection.2.3.3}{\376\377\000H\000i\000g\000h\000-\000D\000i\000m\000e\000n\000s\000i\000o\000n\000a\000l\000\040\000G\000e\000o\000m\000e\000t\000r\000y}{section.2.3}% 14
\BOOKMARK [2][-]{subsection.2.3.4}{\376\377\000T\000h\000e\000\040\000M\000a\000n\000i\000f\000o\000l\000d\000\040\000H\000y\000p\000o\000t\000h\000e\000s\000i\000s}{section.2.3}% 15
\BOOKMARK [2][-]{subsection.2.3.5}{\376\377\000G\000e\000o\000m\000e\000t\000r\000i\000c\000\040\000C\000o\000n\000c\000e\000p\000t\000s}{section.2.3}% 16
\BOOKMARK [1][-]{section.2.4}{\376\377\000E\000v\000a\000l\000u\000a\000t\000i\000n\000g\000\040\000L\000a\000n\000g\000u\000a\000g\000e\000\040\000M\000o\000d\000e\000l\000\040\000O\000u\000t\000p\000u\000t\000s}{chapter.2}% 17
\BOOKMARK [2][-]{subsection.2.4.1}{\376\377\000T\000h\000e\000\040\000E\000v\000a\000l\000u\000a\000t\000i\000o\000n\000\040\000B\000o\000t\000t\000l\000e\000n\000e\000c\000k}{section.2.4}% 18
\BOOKMARK [2][-]{subsection.2.4.2}{\376\377\000L\000L\000M\000-\000a\000s\000-\000J\000u\000d\000g\000e}{section.2.4}% 19
\BOOKMARK [2][-]{subsection.2.4.3}{\376\377\000K\000n\000o\000w\000n\000\040\000B\000i\000a\000s\000e\000s}{section.2.4}% 20
\BOOKMARK [2][-]{subsection.2.4.4}{\376\377\000R\000u\000b\000r\000i\000c\000\040\000D\000e\000s\000i\000g\000n}{section.2.4}% 21
\BOOKMARK [1][-]{section.2.5}{\376\377\000F\000i\000n\000e\000-\000T\000u\000n\000i\000n\000g\000\040\000a\000n\000d\000\040\000P\000a\000r\000a\000m\000e\000t\000e\000r\000-\000E\000f\000f\000i\000c\000i\000e\000n\000t\000\040\000A\000d\000a\000p\000t\000a\000t\000i\000o\000n}{chapter.2}% 22
\BOOKMARK [2][-]{subsection.2.5.1}{\376\377\000S\000u\000p\000e\000r\000v\000i\000s\000e\000d\000\040\000F\000i\000n\000e\000-\000T\000u\000n\000i\000n\000g}{section.2.5}% 23
\BOOKMARK [2][-]{subsection.2.5.2}{\376\377\000L\000o\000R\000A\000:\000\040\000L\000o\000w\000-\000R\000a\000n\000k\000\040\000A\000d\000a\000p\000t\000a\000t\000i\000o\000n}{section.2.5}% 24
\BOOKMARK [2][-]{subsection.2.5.3}{\376\377\000S\000e\000l\000f\000-\000D\000i\000s\000t\000i\000l\000l\000a\000t\000i\000o\000n}{section.2.5}% 25
\BOOKMARK [0][-]{chapter.3}{\376\377\000L\000i\000t\000e\000r\000a\000t\000u\000r\000e\000\040\000R\000e\000v\000i\000e\000w}{}% 26
\BOOKMARK [1][-]{section.3.1}{\376\377\000H\000a\000l\000l\000u\000c\000i\000n\000a\000t\000i\000o\000n\000:\000\040\000T\000a\000x\000o\000n\000o\000m\000y\000\040\000a\000n\000d\000\040\000T\000h\000e\000o\000r\000e\000t\000i\000c\000a\000l\000\040\000L\000i\000m\000i\000t\000s}{chapter.3}% 27
\BOOKMARK [1][-]{section.3.2}{\376\377\000B\000e\000n\000c\000h\000m\000a\000r\000k\000s\000\040\000f\000o\000r\000\040\000F\000a\000c\000t\000u\000a\000l\000i\000t\000y\000\040\000E\000v\000a\000l\000u\000a\000t\000i\000o\000n}{chapter.3}% 28
\BOOKMARK [1][-]{section.3.3}{\376\377\000A\000u\000t\000o\000m\000a\000t\000e\000d\000\040\000E\000v\000a\000l\000u\000a\000t\000i\000o\000n\000\040\000a\000n\000d\000\040\000t\000h\000e\000\040\000L\000L\000M\000-\000a\000s\000-\000J\000u\000d\000g\000e\000\040\000P\000a\000r\000a\000d\000i\000g\000m}{chapter.3}% 29
\BOOKMARK [1][-]{section.3.4}{\376\377\000D\000e\000t\000e\000c\000t\000i\000n\000g\000\040\000H\000a\000l\000l\000u\000c\000i\000n\000a\000t\000i\000o\000n\000\040\000f\000r\000o\000m\000\040\000I\000n\000t\000e\000r\000n\000a\000l\000\040\000R\000e\000p\000r\000e\000s\000e\000n\000t\000a\000t\000i\000o\000n\000s}{chapter.3}% 30
\BOOKMARK [2][-]{subsection.3.4.1}{\376\377\000P\000r\000o\000b\000i\000n\000g\000\040\000f\000o\000r\000\040\000T\000r\000u\000t\000h\000f\000u\000l\000n\000e\000s\000s}{section.3.4}% 31
\BOOKMARK [2][-]{subsection.3.4.2}{\376\377\000G\000e\000o\000m\000e\000t\000r\000i\000c\000\040\000a\000n\000d\000\040\000S\000p\000e\000c\000t\000r\000a\000l\000\040\000M\000e\000t\000h\000o\000d\000s}{section.3.4}% 32
\BOOKMARK [2][-]{subsection.3.4.3}{\376\377\000U\000n\000c\000e\000r\000t\000a\000i\000n\000t\000y\000-\000B\000a\000s\000e\000d\000\040\000a\000n\000d\000\040\000I\000n\000f\000e\000r\000e\000n\000c\000e\000-\000T\000i\000m\000e\000\040\000M\000e\000t\000h\000o\000d\000s}{section.3.4}% 33
\BOOKMARK [1][-]{section.3.5}{\376\377\000E\000n\000t\000i\000t\000y\000\040\000K\000n\000o\000w\000l\000e\000d\000g\000e\000\040\000a\000n\000d\000\040\000K\000n\000o\000w\000l\000e\000d\000g\000e\000\040\000B\000o\000u\000n\000d\000a\000r\000i\000e\000s}{chapter.3}% 34
\BOOKMARK [1][-]{section.3.6}{\376\377\000P\000r\000o\000m\000p\000t\000\040\000E\000n\000g\000i\000n\000e\000e\000r\000i\000n\000g\000\040\000f\000o\000r\000\040\000F\000a\000c\000t\000u\000a\000l\000i\000t\000y}{chapter.3}% 35
\BOOKMARK [1][-]{section.3.7}{\376\377\000F\000i\000n\000e\000-\000T\000u\000n\000i\000n\000g\000\040\000f\000o\000r\000\040\000T\000r\000u\000t\000h\000f\000u\000l\000n\000e\000s\000s}{chapter.3}% 36
\BOOKMARK [2][-]{subsection.3.7.1}{\376\377\000A\000l\000i\000g\000n\000m\000e\000n\000t\000\040\000a\000n\000d\000\040\000I\000t\000s\000\040\000C\000o\000s\000t\000s}{section.3.7}% 37
\BOOKMARK [2][-]{subsection.3.7.2}{\376\377\000F\000a\000c\000t\000u\000a\000l\000i\000t\000y\000-\000T\000a\000r\000g\000e\000t\000e\000d\000\040\000F\000i\000n\000e\000-\000T\000u\000n\000i\000n\000g}{section.3.7}% 38
\BOOKMARK [2][-]{subsection.3.7.3}{\376\377\000D\000a\000t\000a\000\040\000S\000e\000l\000e\000c\000t\000i\000o\000n}{section.3.7}% 39
\BOOKMARK [1][-]{section.3.8}{\376\377\000S\000y\000n\000t\000h\000e\000s\000i\000s\000\040\000a\000n\000d\000\040\000R\000e\000s\000e\000a\000r\000c\000h\000\040\000Q\000u\000e\000s\000t\000i\000o\000n\000s}{chapter.3}% 40
\BOOKMARK [0][-]{chapter.4}{\376\377\000E\000x\000p\000e\000r\000i\000m\000e\000n\000t\000a\000l\000\040\000S\000e\000t\000u\000p}{}% 41
\BOOKMARK [1][-]{section.4.1}{\376\377\000B\000e\000n\000c\000h\000m\000a\000r\000k\000\040\000C\000o\000n\000s\000t\000r\000u\000c\000t\000i\000o\000n}{chapter.4}% 42
\BOOKMARK [2][-]{subsection.4.1.1}{\376\377\000C\000a\000t\000e\000g\000o\000r\000y\000\040\000D\000e\000s\000i\000g\000n}{section.4.1}% 43
\BOOKMARK [2][-]{subsection.4.1.2}{\376\377\000T\000e\000m\000p\000l\000a\000t\000e\000\040\000D\000e\000s\000i\000g\000n}{section.4.1}% 44
\BOOKMARK [2][-]{subsection.4.1.3}{\376\377\000E\000n\000t\000i\000t\000y\000\040\000P\000o\000o\000l\000s\000\040\000a\000n\000d\000\040\000V\000a\000l\000i\000d\000a\000t\000i\000o\000n}{section.4.1}% 45
\BOOKMARK [2][-]{subsection.4.1.4}{\376\377\000B\000e\000n\000c\000h\000m\000a\000r\000k\000\040\000S\000c\000a\000l\000i\000n\000g}{section.4.1}% 46
\BOOKMARK [1][-]{section.4.2}{\376\377\000M\000o\000d\000e\000l\000\040\000S\000e\000l\000e\000c\000t\000i\000o\000n}{chapter.4}% 47
\BOOKMARK [2][-]{subsection.4.2.1}{\376\377\000C\000r\000o\000s\000s\000-\000M\000o\000d\000e\000l\000\040\000B\000e\000n\000c\000h\000m\000a\000r\000k\000\040\000S\000u\000i\000t\000e}{section.4.2}% 48
\BOOKMARK [2][-]{subsection.4.2.2}{\376\377\000I\000n\000t\000e\000r\000v\000e\000n\000t\000i\000o\000n\000\040\000T\000a\000r\000g\000e\000t\000\040\000M\000o\000d\000e\000l\000s}{section.4.2}% 49
\BOOKMARK [2][-]{subsection.4.2.3}{\376\377\000G\000e\000n\000e\000r\000a\000t\000i\000o\000n\000\040\000P\000a\000r\000a\000m\000e\000t\000e\000r\000s}{section.4.2}% 50
\BOOKMARK [1][-]{section.4.3}{\376\377\000C\000o\000n\000s\000e\000n\000s\000u\000s\000\040\000J\000u\000d\000g\000i\000n\000g\000\040\000P\000i\000p\000e\000l\000i\000n\000e}{chapter.4}% 51
\BOOKMARK [2][-]{subsection.4.3.1}{\376\377\000W\000h\000y\000\040\000L\000L\000M\000\040\000J\000u\000d\000g\000e\000s}{section.4.3}% 52
\BOOKMARK [2][-]{subsection.4.3.2}{\376\377\000P\000a\000n\000e\000l\000\040\000D\000e\000s\000i\000g\000n}{section.4.3}% 53
\BOOKMARK [2][-]{subsection.4.3.3}{\376\377\000E\000v\000a\000l\000u\000a\000t\000i\000o\000n\000\040\000R\000u\000b\000r\000i\000c}{section.4.3}% 54
\BOOKMARK [2][-]{subsection.4.3.4}{\376\377\000J\000u\000d\000g\000e\000\040\000P\000r\000o\000m\000p\000t\000\040\000D\000e\000s\000i\000g\000n}{section.4.3}% 55
\BOOKMARK [2][-]{subsection.4.3.5}{\376\377\000M\000a\000j\000o\000r\000i\000t\000y\000\040\000V\000o\000t\000e\000\040\000a\000n\000d\000\040\000C\000o\000n\000s\000e\000n\000s\000u\000s}{section.4.3}% 56
\BOOKMARK [2][-]{subsection.4.3.6}{\376\377\000H\000u\000m\000a\000n\000\040\000V\000a\000l\000i\000d\000a\000t\000i\000o\000n}{section.4.3}% 57
\BOOKMARK [2][-]{subsection.4.3.7}{\376\377\000S\000e\000n\000s\000i\000t\000i\000v\000i\000t\000y\000\040\000A\000n\000a\000l\000y\000s\000i\000s\000\040\000a\000n\000d\000\040\000L\000i\000m\000i\000t\000a\000t\000i\000o\000n\000s}{section.4.3}% 58
\BOOKMARK [1][-]{section.4.4}{\376\377\000E\000m\000b\000e\000d\000d\000i\000n\000g\000\040\000a\000n\000d\000\040\000G\000e\000o\000m\000e\000t\000r\000i\000c\000\040\000F\000e\000a\000t\000u\000r\000e\000\040\000E\000x\000t\000r\000a\000c\000t\000i\000o\000n}{chapter.4}% 59
\BOOKMARK [2][-]{subsection.4.4.1}{\376\377\000E\000m\000b\000e\000d\000d\000i\000n\000g\000\040\000M\000o\000d\000e\000l}{section.4.4}% 60
\BOOKMARK [2][-]{subsection.4.4.2}{\376\377\000C\000o\000r\000p\000u\000s\000\040\000C\000o\000n\000s\000t\000r\000u\000c\000t\000i\000o\000n}{section.4.4}% 61
\BOOKMARK [2][-]{subsection.4.4.3}{\376\377\000G\000e\000o\000m\000e\000t\000r\000i\000c\000\040\000F\000e\000a\000t\000u\000r\000e\000s}{section.4.4}% 62
\BOOKMARK [2][-]{subsection.4.4.4}{\376\377\000H\000y\000p\000e\000r\000p\000a\000r\000a\000m\000e\000t\000e\000r\000\040\000C\000h\000o\000i\000c\000e\000s}{section.4.4}% 63
\BOOKMARK [2][-]{subsection.4.4.5}{\376\377\000L\000i\000m\000i\000t\000a\000t\000i\000o\000n\000s}{section.4.4}% 64
\BOOKMARK [1][-]{section.4.5}{\376\377\000S\000u\000m\000m\000a\000r\000y\000\040\000o\000f\000\040\000E\000x\000p\000e\000r\000i\000m\000e\000n\000t\000a\000l\000\040\000I\000n\000f\000r\000a\000s\000t\000r\000u\000c\000t\000u\000r\000e}{chapter.4}% 65
\BOOKMARK [1][-]{section.4.6}{\376\377\000S\000t\000a\000t\000i\000s\000t\000i\000c\000a\000l\000\040\000M\000e\000t\000h\000o\000d\000s}{chapter.4}% 66
\BOOKMARK [0][-]{chapter.5}{\376\377\000C\000a\000n\000\040\000P\000r\000o\000m\000p\000t\000s\000\040\000R\000e\000d\000u\000c\000e\000\040\000H\000a\000l\000l\000u\000c\000i\000n\000a\000t\000i\000o\000n\000s\000?}{}% 67
\BOOKMARK [1][-]{section.5.1}{\376\377\000P\000r\000e\000f\000i\000x\000\040\000D\000e\000s\000i\000g\000n}{chapter.5}% 68
\BOOKMARK [0][-]{chapter.6}{\376\377\000C\000a\000n\000\040\000G\000e\000o\000m\000e\000t\000r\000y\000\040\000G\000u\000i\000d\000e\000\040\000I\000n\000t\000e\000r\000v\000e\000n\000t\000i\000o\000n\000?}{}% 69
\BOOKMARK [0][-]{chapter.7}{\376\377\000D\000i\000s\000c\000u\000s\000s\000i\000o\000n}{}% 70
\BOOKMARK [0][-]{appendix.1.A}{\376\377\000A\000p\000p\000e\000n\000d\000i\000x\000\040\000E\000x\000p\000e\000r\000i\000m\000e\000n\000t\000a\000l\000\040\000A\000r\000t\000i\000f\000a\000c\000t\000s}{}% 71
\BOOKMARK [1][-]{section.1.A.1}{\376\377\000J\000u\000d\000g\000e\000\040\000S\000y\000s\000t\000e\000m\000\040\000P\000r\000o\000m\000p\000t}{appendix.1.A}% 72
\BOOKMARK [1][-]{section.1.A.2}{\376\377\000P\000r\000o\000m\000p\000t\000\040\000P\000r\000e\000f\000i\000x\000\040\000T\000e\000x\000t\000s}{appendix.1.A}% 73
\BOOKMARK [1][-]{section.1.A.3}{\376\377\000F\000i\000n\000e\000-\000T\000u\000n\000i\000n\000g\000\040\000C\000o\000n\000f\000i\000g\000u\000r\000a\000t\000i\000o\000n\000s}{appendix.1.A}% 74
\BOOKMARK [0][-]{appendix.1.B}{\376\377\000A\000p\000p\000e\000n\000d\000i\000x\000\040\000S\000u\000p\000p\000l\000e\000m\000e\000n\000t\000a\000r\000y\000\040\000A\000n\000a\000l\000y\000s\000i\000s}{}% 75
\BOOKMARK [1][-]{section.1.B.1}{\376\377\000C\000r\000o\000s\000s\000-\000M\000o\000d\000e\000l\000\040\000C\000o\000r\000r\000e\000l\000a\000t\000i\000o\000n\000\040\000M\000a\000t\000r\000i\000x}{appendix.1.B}% 76
\BOOKMARK [1][-]{section.1.B.2}{\376\377\000E\000m\000b\000e\000d\000d\000i\000n\000g\000\040\000M\000o\000d\000e\000l\000\040\000R\000o\000b\000u\000s\000t\000n\000e\000s\000s}{appendix.1.B}% 77
\BOOKMARK [1][-]{section.1.B.3}{\376\377\000H\000u\000m\000a\000n\000\040\000V\000a\000l\000i\000d\000a\000t\000i\000o\000n\000\040\000D\000e\000t\000a\000i\000l\000s}{appendix.1.B}% 78
\BOOKMARK [1][-]{section.1.B.4}{\376\377\000G\000e\000o\000m\000e\000t\000r\000i\000c\000\040\000F\000e\000a\000t\000u\000r\000e\000\040\000V\000i\000s\000u\000a\000l\000i\000z\000a\000t\000i\000o\000n\000s}{appendix.1.B}% 79
\BOOKMARK [0][-]{appendix*.14}{\376\377\000R\000e\000f\000e\000r\000e\000n\000c\000e\000s}{}% 80
\BOOKMARK [0][-]{appendix*.16}{\376\377\000R\000e\000f\000e\000r\000e\000n\000c\000e\000s}{}% 81
